⨯ ./src/components/Dashboard.tsx:3:1
Module not found: Can't resolve '@/components/ValuationButton'
  [90m1 |[0m [36mimport[0m { formatMoney } [36mfrom[0m [32m"@/lib/money"[0m;
  [90m2 |[0m [36mimport[0m { [33mListingStatus[0m, statusLabels } [36mfrom[0m [32m"@/lib/listings"[0m;
[31m[1m>[0m [90m3 |[0m [36mimport[0m { [33mValuationButton[0m } [36mfrom[0m [32m"@/components/ValuationButton"[0m;
  [90m  |[0m [31m[1m^^^^^^^^^^^^^^^^^^^^^^^^^^^^^^^^^^^^^^^^^^^^^^^^^^^^^^^^^^^^^^^[0m
  [90m4 |[0m
  [90m5 |[0m [36mtype[0m [33mDashboardListing[0m = {
  [90m6 |[0m   id: string;

Import map: aliased to relative './src/components/ValuationButton' inside of [project]/


Import trace:
  Server Component:
    ./src/components/Dashboard.tsx
    ./src/app/page.tsx

https://nextjs.org/docs/messages/module-not-found


⨯ ./src/components/Dashboard.tsx:3:1
Module not found: Can't resolve '@/components/ValuationButton'
  [90m1 |[0m [36mimport[0m { formatMoney } [36mfrom[0m [32m"@/lib/money"[0m;
  [90m2 |[0m [36mimport[0m { [33mListingStatus[0m, statusLabels } [36mfrom[0m [32m"@/lib/listings"[0m;
[31m[1m>[0m [90m3 |[0m [36mimport[0m { [33mValuationButton[0m } [36mfrom[0m [32m"@/components/ValuationButton"[0m;
  [90m  |[0m [31m[1m^^^^^^^^^^^^^^^^^^^^^^^^^^^^^^^^^^^^^^^^^^^^^^^^^^^^^^^^^^^^^^^[0m
  [90m4 |[0m
  [90m5 |[0m [36mtype[0m [33mDashboardListing[0m = {
  [90m6 |[0m   id: string;

Import map: aliased to relative './src/components/ValuationButton' inside of [project]/


Import trace:
  Server Component:
    ./src/components/Dashboard.tsx
    ./src/app/page.tsx

https://nextjs.org/docs/messages/module-not-found


⨯ ./src/components/Dashboard.tsx:3:1
Module not found: Can't resolve '@/components/ValuationButton'
  [90m1 |[0m [36mimport[0m { formatMoney } [36mfrom[0m [32m"@/lib/money"[0m;
  [90m2 |[0m [36mimport[0m { [33mListingStatus[0m, statusLabels } [36mfrom[0m [32m"@/lib/listings"[0m;
[31m[1m>[0m [90m3 |[0m [36mimport[0m { [33mValuationButton[0m } [36mfrom[0m [32m"@/components/ValuationButton"[0m;
  [90m  |[0m [31m[1m^^^^^^^^^^^^^^^^^^^^^^^^^^^^^^^^^^^^^^^^^^^^^^^^^^^^^^^^^^^^^^^[0m
  [90m4 |[0m
  [90m5 |[0m [36mtype[0m [33mDashboardListing[0m = {
  [90m6 |[0m   id: string;

Import map: aliased to relative './src/components/ValuationButton' inside of [project]/


Import trace:
  Server Component:
    ./src/components/Dashboard.tsx
    ./src/app/page.tsx

https://nextjs.org/docs/messages/module-not-found


⨯ ./src/components/Dashboard.tsx:3:1
Module not found: Can't resolve '@/components/ValuationButton'
  [90m1 |[0m [36mimport[0m { formatMoney } [36mfrom[0m [32m"@/lib/money"[0m;
  [90m2 |[0m [36mimport[0m { [33mListingStatus[0m, statusLabels } [36mfrom[0m [32m"@/lib/listings"[0m;
[31m[1m>[0m [90m3 |[0m [36mimport[0m { [33mValuationButton[0m } [36mfrom[0m [32m"@/components/ValuationButton"[0m;
  [90m  |[0m [31m[1m^^^^^^^^^^^^^^^^^^^^^^^^^^^^^^^^^^^^^^^^^^^^^^^^^^^^^^^^^^^^^^^[0m
  [90m4 |[0m
  [90m5 |[0m [36mtype[0m [33mDashboardListing[0m = {
  [90m6 |[0m   id: string;

Import map: aliased to relative './src/components/ValuationButton' inside of [project]/


Import trace:
  Server Component:
    ./src/components/Dashboard.tsx
    ./src/app/page.tsx

https://nextjs.org/docs/messages/module-not-found


⨯ ./src/components/Dashboard.tsx:3:1
Module not found: Can't resolve '@/components/ValuationButton'
  [90m1 |[0m [36mimport[0m { formatMoney } [36mfrom[0m [32m"@/lib/money"[0m;
  [90m2 |[0m [36mimport[0m { [33mListingStatus[0m, statusLabels } [36mfrom[0m [32m"@/lib/listings"[0m;
[31m[1m>[0m [90m3 |[0m [36mimport[0m { [33mValuationButton[0m } [36mfrom[0m [32m"@/components/ValuationButton"[0m;
  [90m  |[0m [31m[1m^^^^^^^^^^^^^^^^^^^^^^^^^^^^^^^^^^^^^^^^^^^^^^^^^^^^^^^^^^^^^^^[0m
  [90m4 |[0m
  [90m5 |[0m [36mtype[0m [33mDashboardListing[0m = {
  [90m6 |[0m   id: string;

Import map: aliased to relative './src/components/ValuationButton' inside of [project]/


Import trace:
  Server Component:
    ./src/components/Dashboard.tsx
    ./src/app/page.tsx

https://nextjs.org/docs/messages/module-not-found


⨯ ./src/components/Dashboard.tsx:3:1
Module not found: Can't resolve '@/components/ValuationButton'
  [90m1 |[0m [36mimport[0m { formatMoney } [36mfrom[0m [32m"@/lib/money"[0m;
  [90m2 |[0m [36mimport[0m { [33mListingStatus[0m, statusLabels } [36mfrom[0m [32m"@/lib/listings"[0m;
[31m[1m>[0m [90m3 |[0m [36mimport[0m { [33mValuationButton[0m } [36mfrom[0m [32m"@/components/ValuationButton"[0m;
  [90m  |[0m [31m[1m^^^^^^^^^^^^^^^^^^^^^^^^^^^^^^^^^^^^^^^^^^^^^^^^^^^^^^^^^^^^^^^[0m
  [90m4 |[0m
  [90m5 |[0m [36mtype[0m [33mDashboardListing[0m = {
  [90m6 |[0m   id: string;

Import map: aliased to relative './src/components/ValuationButton' inside of [project]/


Import trace:
  Server Component:
    ./src/components/Dashboard.tsx
    ./src/app/page.tsx

https://nextjs.org/docs/messages/module-not-found


⨯ ./src/components/Dashboard.tsx:3:1
Module not found: Can't resolve '@/components/ValuationButton'
  [90m1 |[0m [36mimport[0m { formatMoney } [36mfrom[0m [32m"@/lib/money"[0m;
  [90m2 |[0m [36mimport[0m { [33mListingStatus[0m, statusLabels } [36mfrom[0m [32m"@/lib/listings"[0m;
[31m[1m>[0m [90m3 |[0m [36mimport[0m { [33mValuationButton[0m } [36mfrom[0m [32m"@/components/ValuationButton"[0m;
  [90m  |[0m [31m[1m^^^^^^^^^^^^^^^^^^^^^^^^^^^^^^^^^^^^^^^^^^^^^^^^^^^^^^^^^^^^^^^[0m
  [90m4 |[0m
  [90m5 |[0m [36mtype[0m [33mDashboardListing[0m = {
  [90m6 |[0m   id: string;

Import map: aliased to relative './src/components/ValuationButton' inside of [project]/


Import trace:
  Server Component:
    ./src/components/Dashboard.tsx
    ./src/app/page.tsx

https://nextjs.org/docs/messages/module-not-found


⨯ ./src/components/Dashboard.tsx:3:1
Module not found: Can't resolve '@/components/ValuationButton'
  [90m1 |[0m [36mimport[0m { formatMoney } [36mfrom[0m [32m"@/lib/money"[0m;
  [90m2 |[0m [36mimport[0m { [33mListingStatus[0m, statusLabels } [36mfrom[0m [32m"@/lib/listings"[0m;
[31m[1m>[0m [90m3 |[0m [36mimport[0m { [33mValuationButton[0m } [36mfrom[0m [32m"@/components/ValuationButton"[0m;
  [90m  |[0m [31m[1m^^^^^^^^^^^^^^^^^^^^^^^^^^^^^^^^^^^^^^^^^^^^^^^^^^^^^^^^^^^^^^^[0m
  [90m4 |[0m
  [90m5 |[0m [36mtype[0m [33mDashboardListing[0m = {
  [90m6 |[0m   id: string;

Import map: aliased to relative './src/components/ValuationButton' inside of [project]/


Import trace:
  Server Component:
    ./src/components/Dashboard.tsx
    ./src/app/page.tsx

https://nextjs.org/docs/messages/module-not-found


⨯ ./src/components/Dashboard.tsx:3:1
Module not found: Can't resolve '@/components/ValuationButton'
  [90m1 |[0m [36mimport[0m { formatMoney } [36mfrom[0m [32m"@/lib/money"[0m;
  [90m2 |[0m [36mimport[0m { [33mListingStatus[0m, statusLabels } [36mfrom[0m [32m"@/lib/listings"[0m;
[31m[1m>[0m [90m3 |[0m [36mimport[0m { [33mValuationButton[0m } [36mfrom[0m [32m"@/components/ValuationButton"[0m;
  [90m  |[0m [31m[1m^^^^^^^^^^^^^^^^^^^^^^^^^^^^^^^^^^^^^^^^^^^^^^^^^^^^^^^^^^^^^^^[0m
  [90m4 |[0m
  [90m5 |[0m [36mtype[0m [33mDashboardListing[0m = {
  [90m6 |[0m   id: string;

Import map: aliased to relative './src/components/ValuationButton' inside of [project]/


Import trace:
  Server Component:
    ./src/components/Dashboard.tsx
    ./src/app/page.tsx

https://nextjs.org/docs/messages/module-not-found


⨯ ./src/components/Dashboard.tsx:3:1
Module not found: Can't resolve '@/components/ValuationButton'
  [90m1 |[0m [36mimport[0m { formatMoney } [36mfrom[0m [32m"@/lib/money"[0m;
  [90m2 |[0m [36mimport[0m { [33mListingStatus[0m, statusLabels } [36mfrom[0m [32m"@/lib/listings"[0m;
[31m[1m>[0m [90m3 |[0m [36mimport[0m { [33mValuationButton[0m } [36mfrom[0m [32m"@/components/ValuationButton"[0m;
  [90m  |[0m [31m[1m^^^^^^^^^^^^^^^^^^^^^^^^^^^^^^^^^^^^^^^^^^^^^^^^^^^^^^^^^^^^^^^[0m
  [90m4 |[0m
  [90m5 |[0m [36mtype[0m [33mDashboardListing[0m = {
  [90m6 |[0m   id: string;

Import map: aliased to relative './src/components/ValuationButton' inside of [project]/


Import trace:
  Server Component:
    ./src/components/Dashboard.tsx
    ./src/app/page.tsx

https://nextjs.org/docs/messages/module-not-found


⨯ ./src/components/Dashboard.tsx:3:1
Module not found: Can't resolve '@/components/ValuationButton'
  [90m1 |[0m [36mimport[0m { formatMoney } [36mfrom[0m [32m"@/lib/money"[0m;
  [90m2 |[0m [36mimport[0m { [33mListingStatus[0m, statusLabels } [36mfrom[0m [32m"@/lib/listings"[0m;
[31m[1m>[0m [90m3 |[0m [36mimport[0m { [33mValuationButton[0m } [36mfrom[0m [32m"@/components/ValuationButton"[0m;
  [90m  |[0m [31m[1m^^^^^^^^^^^^^^^^^^^^^^^^^^^^^^^^^^^^^^^^^^^^^^^^^^^^^^^^^^^^^^^[0m
  [90m4 |[0m
  [90m5 |[0m [36mtype[0m [33mDashboardListing[0m = {
  [90m6 |[0m   id: string;

Import map: aliased to relative './src/components/ValuationButton' inside of [project]/


Import trace:
  Server Component:
    ./src/components/Dashboard.tsx
    ./src/app/page.tsx

https://nextjs.org/docs/messages/module-not-found


⨯ ./src/components/Dashboard.tsx:3:1
Module not found: Can't resolve '@/components/ValuationButton'
  [90m1 |[0m [36mimport[0m { formatMoney } [36mfrom[0m [32m"@/lib/money"[0m;
  [90m2 |[0m [36mimport[0m { [33mListingStatus[0m, statusLabels } [36mfrom[0m [32m"@/lib/listings"[0m;
[31m[1m>[0m [90m3 |[0m [36mimport[0m { [33mValuationButton[0m } [36mfrom[0m [32m"@/components/ValuationButton"[0m;
  [90m  |[0m [31m[1m^^^^^^^^^^^^^^^^^^^^^^^^^^^^^^^^^^^^^^^^^^^^^^^^^^^^^^^^^^^^^^^[0m
  [90m4 |[0m
  [90m5 |[0m [36mtype[0m [33mDashboardListing[0m = {
  [90m6 |[0m   id: string;

Import map: aliased to relative './src/components/ValuationButton' inside of [project]/


Import trace:
  Server Component:
    ./src/components/Dashboard.tsx
    ./src/app/page.tsx

https://nextjs.org/docs/messages/module-not-found


⨯ ./src/components/Dashboard.tsx:3:1
Module not found: Can't resolve '@/components/ValuationButton'
  [90m1 |[0m [36mimport[0m { formatMoney } [36mfrom[0m [32m"@/lib/money"[0m;
  [90m2 |[0m [36mimport[0m { [33mListingStatus[0m, statusLabels } [36mfrom[0m [32m"@/lib/listings"[0m;
[31m[1m>[0m [90m3 |[0m [36mimport[0m { [33mValuationButton[0m } [36mfrom[0m [32m"@/components/ValuationButton"[0m;
  [90m  |[0m [31m[1m^^^^^^^^^^^^^^^^^^^^^^^^^^^^^^^^^^^^^^^^^^^^^^^^^^^^^^^^^^^^^^^[0m
  [90m4 |[0m
  [90m5 |[0m [36mtype[0m [33mDashboardListing[0m = {
  [90m6 |[0m   id: string;

Import map: aliased to relative './src/components/ValuationButton' inside of [project]/


Import trace:
  Server Component:
    ./src/components/Dashboard.tsx
    ./src/app/page.tsx

https://nextjs.org/docs/messages/module-not-found


⨯ ./src/components/Dashboard.tsx:3:1
Module not found: Can't resolve '@/components/ValuationButton'
  [90m1 |[0m [36mimport[0m { formatMoney } [36mfrom[0m [32m"@/lib/money"[0m;
  [90m2 |[0m [36mimport[0m { [33mListingStatus[0m, statusLabels } [36mfrom[0m [32m"@/lib/listings"[0m;
[31m[1m>[0m [90m3 |[0m [36mimport[0m { [33mValuationButton[0m } [36mfrom[0m [32m"@/components/ValuationButton"[0m;
  [90m  |[0m [31m[1m^^^^^^^^^^^^^^^^^^^^^^^^^^^^^^^^^^^^^^^^^^^^^^^^^^^^^^^^^^^^^^^[0m
  [90m4 |[0m
  [90m5 |[0m [36mtype[0m [33mDashboardListing[0m = {
  [90m6 |[0m   id: string;

Import map: aliased to relative './src/components/ValuationButton' inside of [project]/


Import trace:
  Server Component:
    ./src/components/Dashboard.tsx
    ./src/app/page.tsx

https://nextjs.org/docs/messages/module-not-found


⨯ ./src/components/Dashboard.tsx:3:1
Module not found: Can't resolve '@/components/ValuationButton'
  [90m1 |[0m [36mimport[0m { formatMoney } [36mfrom[0m [32m"@/lib/money"[0m;
  [90m2 |[0m [36mimport[0m { [33mListingStatus[0m, statusLabels } [36mfrom[0m [32m"@/lib/listings"[0m;
[31m[1m>[0m [90m3 |[0m [36mimport[0m { [33mValuationButton[0m } [36mfrom[0m [32m"@/components/ValuationButton"[0m;
  [90m  |[0m [31m[1m^^^^^^^^^^^^^^^^^^^^^^^^^^^^^^^^^^^^^^^^^^^^^^^^^^^^^^^^^^^^^^^[0m
  [90m4 |[0m
  [90m5 |[0m [36mtype[0m [33mDashboardListing[0m = {
  [90m6 |[0m   id: string;

Import map: aliased to relative './src/components/ValuationButton' inside of [project]/


Import trace:
  Server Component:
    ./src/components/Dashboard.tsx
    ./src/app/page.tsx

https://nextjs.org/docs/messages/module-not-found


⨯ ./src/components/Dashboard.tsx:3:1
Module not found: Can't resolve '@/components/ValuationButton'
  [90m1 |[0m [36mimport[0m { formatMoney } [36mfrom[0m [32m"@/lib/money"[0m;
  [90m2 |[0m [36mimport[0m { [33mListingStatus[0m, statusLabels } [36mfrom[0m [32m"@/lib/listings"[0m;
[31m[1m>[0m [90m3 |[0m [36mimport[0m { [33mValuationButton[0m } [36mfrom[0m [32m"@/components/ValuationButton"[0m;
  [90m  |[0m [31m[1m^^^^^^^^^^^^^^^^^^^^^^^^^^^^^^^^^^^^^^^^^^^^^^^^^^^^^^^^^^^^^^^[0m
  [90m4 |[0m
  [90m5 |[0m [36mtype[0m [33mDashboardListing[0m = {
  [90m6 |[0m   id: string;

Import map: aliased to relative './src/components/ValuationButton' inside of [project]/


Import trace:
  Server Component:
    ./src/components/Dashboard.tsx
    ./src/app/page.tsx

https://nextjs.org/docs/messages/module-not-found


⨯ ./src/components/Dashboard.tsx:3:1
Module not found: Can't resolve '@/components/ValuationButton'
  [90m1 |[0m [36mimport[0m { formatMoney } [36mfrom[0m [32m"@/lib/money"[0m;
  [90m2 |[0m [36mimport[0m { [33mListingStatus[0m, statusLabels } [36mfrom[0m [32m"@/lib/listings"[0m;
[31m[1m>[0m [90m3 |[0m [36mimport[0m { [33mValuationButton[0m } [36mfrom[0m [32m"@/components/ValuationButton"[0m;
  [90m  |[0m [31m[1m^^^^^^^^^^^^^^^^^^^^^^^^^^^^^^^^^^^^^^^^^^^^^^^^^^^^^^^^^^^^^^^[0m
  [90m4 |[0m
  [90m5 |[0m [36mtype[0m [33mDashboardListing[0m = {
  [90m6 |[0m   id: string;

Import map: aliased to relative './src/components/ValuationButton' inside of [project]/


Import trace:
  Server Component:
    ./src/components/Dashboard.tsx
    ./src/app/page.tsx

https://nextjs.org/docs/messages/module-not-found


⨯ ./src/components/Dashboard.tsx:3:1
Module not found: Can't resolve '@/components/ValuationButton'
  [90m1 |[0m [36mimport[0m { formatMoney } [36mfrom[0m [32m"@/lib/money"[0m;
  [90m2 |[0m [36mimport[0m { [33mListingStatus[0m, statusLabels } [36mfrom[0m [32m"@/lib/listings"[0m;
[31m[1m>[0m [90m3 |[0m [36mimport[0m { [33mValuationButton[0m } [36mfrom[0m [32m"@/components/ValuationButton"[0m;
  [90m  |[0m [31m[1m^^^^^^^^^^^^^^^^^^^^^^^^^^^^^^^^^^^^^^^^^^^^^^^^^^^^^^^^^^^^^^^[0m
  [90m4 |[0m
  [90m5 |[0m [36mtype[0m [33mDashboardListing[0m = {
  [90m6 |[0m   id: string;

Import map: aliased to relative './src/components/ValuationButton' inside of [project]/


Import trace:
  Server Component:
    ./src/components/Dashboard.tsx
    ./src/app/page.tsx

https://nextjs.org/docs/messages/module-not-found


[browser] Uncaught Error: ./src/components/Dashboard.tsx:3:1
Module not found: Can't resolve '@/components/ValuationButton'
  1 | import { formatMoney } from "@/lib/money";
  2 | import { ListingStatus, statusLabels } from "@/lib/listings";
> 3 | import { ValuationButton } from "@/components/ValuationButton";
    | ^^^^^^^^^^^^^^^^^^^^^^^^^^^^^^^^^^^^^^^^^^^^^^^^^^^^^^^^^^^^^^^
  4 |
  5 | type DashboardListing = {
  6 |   id: string;

Import map: aliased to relative './src/components/ValuationButton' inside of [project]/


Import trace:
  Server Component:
    ./src/components/Dashboard.tsx
    ./src/app/page.tsx

https://nextjs.org/docs/messages/module-not-found


    at <unknown> (Error: ./src/components/Dashboard.tsx:3:1)
    at <unknown> (https://nextjs.org/docs/messages/module-not-found)
    at <unknown> (Error: (./src/components/Dashboard.tsx:3:1)
    at <unknown> (https://nextjs.org/docs/messages/module-not-found)
