
> car-deal-crm@0.1.0 dev
> next dev -p 3001

▲ Next.js 16.2.7 (Turbopack)
- Local:         http://localhost:3001
- Network:       http://172.20.10.3:3001
- Environments: .env
✓ Ready in 1646ms

○ Compiling /api/listings/[id]/value-trademe ...
 GET /?q=BMW&status=&minPrice=&maxPrice=&valuation= 200 in 4.6s (next.js: 1675ms, application-code: 3.0s)
 POST /api/listings/listing_610a6bdbb98d40289e541989/value-trademe 200 in 20.0s (next.js: 8.2s, application-code: 11.8s)
 GET / 200 in 2.8s (next.js: 17ms, application-code: 2.8s)
 GET / 200 in 1338ms (next.js: 12ms, application-code: 1326ms)
 GET / 200 in 766ms (next.js: 9ms, application-code: 756ms)
 GET / 200 in 2.6s (next.js: 13ms, application-code: 2.6s)
 GET / 200 in 1208ms (next.js: 13ms, application-code: 1195ms)
 POST /api/listings/listing_4abc1695e437b61de1ae16e3/value-trademe 200 in 10.0s (next.js: 115ms, application-code: 9.8s)
 GET / 200 in 1401ms (next.js: 12ms, application-code: 1389ms)
 GET / 200 in 1193ms (next.js: 12ms, application-code: 1182ms)
 GET / 200 in 1705ms (next.js: 17ms, application-code: 1689ms)
 GET / 200 in 717ms (next.js: 6ms, application-code: 711ms)
 GET / 200 in 796ms (next.js: 8ms, application-code: 788ms)
 GET / 200 in 1540ms (next.js: 7ms, application-code: 1533ms)
 GET / 200 in 917ms (next.js: 7ms, application-code: 910ms)
 GET / 200 in 820ms (next.js: 10ms, application-code: 810ms)
 GET / 200 in 1337ms (next.js: 11ms, application-code: 1327ms)
 GET / 200 in 1120ms (next.js: 9ms, application-code: 1111ms)
 GET / 200 in 1033ms (next.js: 10ms, application-code: 1023ms)
 GET / 200 in 2.4s (next.js: 14ms, application-code: 2.4s)
 GET / 200 in 3.2s (next.js: 10ms, application-code: 3.1s)
 GET / 200 in 981ms (next.js: 6ms, application-code: 975ms)
 GET / 200 in 1594ms (next.js: 17ms, application-code: 1577ms)
 GET / 200 in 660ms (next.js: 9ms, application-code: 651ms)
 GET / 200 in 901ms (next.js: 9ms, application-code: 892ms)
 GET / 200 in 1020ms (next.js: 8ms, application-code: 1012ms)
 GET / 200 in 6.8s (next.js: 195ms, application-code: 6.6s)
 GET / 200 in 4.2s (next.js: 267ms, application-code: 4.0s)
 GET / 200 in 4.2s (next.js: 517ms, application-code: 3.7s)
 POST /api/listings/listing_4abc1695e437b61de1ae16e3/value-trademe 200 in 10.4s (next.js: 244ms, application-code: 10.1s)
 GET / 200 in 1753ms (next.js: 12ms, application-code: 1740ms)
 GET / 200 in 1652ms (next.js: 12ms, application-code: 1640ms)
✓ Compiled in 326ms
 POST /api/listings/listing_4abc1695e437b61de1ae16e3/value-trademe 200 in 10.7s (next.js: 33ms, application-code: 10.7s)
 GET / 200 in 4.8s (next.js: 576ms, application-code: 4.2s)
 GET / 200 in 4.8s (next.js: 751ms, application-code: 4.0s)
 GET / 200 in 1814ms (next.js: 11ms, application-code: 1802ms)
 GET / 200 in 1748ms (next.js: 12ms, application-code: 1736ms)
 POST /api/listings/listing_72f8dc18343a68f1325371c9/value-trademe 200 in 10.7s (next.js: 170ms, application-code: 10.6s)
 GET / 200 in 651ms (next.js: 7ms, application-code: 644ms)
 GET / 200 in 1208ms (next.js: 9ms, application-code: 1199ms)
 GET / 200 in 2.7s (next.js: 10ms, application-code: 2.7s)
 GET / 200 in 1016ms (next.js: 9ms, application-code: 1008ms)
 GET / 200 in 943ms (next.js: 8ms, application-code: 934ms)
 GET / 200 in 791ms (next.js: 8ms, application-code: 782ms)
 GET / 200 in 784ms (next.js: 7ms, application-code: 777ms)
 GET / 200 in 883ms (next.js: 7ms, application-code: 876ms)
 GET / 200 in 719ms (next.js: 11ms, application-code: 708ms)
 GET / 200 in 912ms (next.js: 9ms, application-code: 903ms)
 GET / 200 in 2.6s (next.js: 20ms, application-code: 2.6s)
 GET / 200 in 710ms (next.js: 11ms, application-code: 699ms)
 GET / 200 in 703ms (next.js: 8ms, application-code: 696ms)
 GET / 200 in 8.1s (next.js: 31ms, application-code: 8.1s)
 GET / 200 in 4.3s (next.js: 225ms, application-code: 4.1s)
 GET / 200 in 3.7s (next.js: 10ms, application-code: 3.7s)
 GET / 200 in 2.5s (next.js: 27ms, application-code: 2.5s)
 GET / 200 in 2.8s (next.js: 8ms, application-code: 2.8s)
 POST /api/listings/listing_ddee1c7848f47590f9b178e4/value-trademe 200 in 4.5s (next.js: 35ms, application-code: 4.4s)
 GET / 200 in 1290ms (next.js: 8ms, application-code: 1282ms)
 GET / 200 in 735ms (next.js: 7ms, application-code: 728ms)
 GET / 200 in 618ms (next.js: 7ms, application-code: 611ms)
 GET / 200 in 6.9s (next.js: 11ms, application-code: 6.9s)
 GET / 200 in 2.8s (next.js: 14ms, application-code: 2.8s)
 GET / 200 in 3.5s (next.js: 12ms, application-code: 3.5s)
 GET / 200 in 1750ms (next.js: 38ms, application-code: 1712ms)
 GET / 200 in 2.2s (next.js: 13ms, application-code: 2.2s)
 GET / 200 in 1495ms (next.js: 15ms, application-code: 1480ms)
 GET / 200 in 1179ms (next.js: 11ms, application-code: 1168ms)
 POST /api/listings/listing_ddee1c7848f47590f9b178e4/value-trademe 500 in 3.0min (next.js: 17ms, application-code: 3.0min)
 GET / 200 in 643ms (next.js: 12ms, application-code: 631ms)
 GET / 200 in 912ms (next.js: 7ms, application-code: 905ms)
 GET / 200 in 733ms (next.js: 10ms, application-code: 722ms)
✓ Compiled in 1004ms
 GET / 200 in 6.3s (next.js: 337ms, application-code: 5.9s)
 GET / 200 in 6.3s (next.js: 477ms, application-code: 5.8s)
 GET / 200 in 2.6s (next.js: 1410ms, application-code: 1170ms)
 GET / 200 in 6.0s (next.js: 304ms, application-code: 5.6s)
 GET / 200 in 6.0s (next.js: 194ms, application-code: 5.8s)
 GET / 200 in 5.3s (next.js: 228ms, application-code: 5.1s)
 GET / 200 in 5.3s (next.js: 167ms, application-code: 5.2s)
 GET / 200 in 1760ms (next.js: 6ms, application-code: 1754ms)
 GET / 200 in 3.7s (next.js: 10ms, application-code: 3.7s)
 GET /?q=audi&status=&minPrice=&maxPrice=&valuation= 200 in 1012ms (next.js: 19ms, application-code: 993ms)
 GET /?q=mercedes&status=&minPrice=&maxPrice=&valuation= 200 in 234ms (next.js: 11ms, application-code: 224ms)
 GET /?q=mercedes&status=&minPrice=&maxPrice=&valuation= 200 in 253ms (next.js: 11ms, application-code: 242ms)
 GET /?q=c200&status=&minPrice=&maxPrice=&valuation= 200 in 418ms (next.js: 10ms, application-code: 408ms)
 GET /?q=bmw&status=&minPrice=&maxPrice=&valuation= 200 in 632ms (next.js: 33ms, application-code: 599ms)
 GET /?q=toyota&status=&minPrice=&maxPrice=&valuation= 200 in 625ms (next.js: 9ms, application-code: 616ms)
 GET / 200 in 1877ms (next.js: 11ms, application-code: 1866ms)
 GET /?q=&status=&minPrice=&maxPrice=&valuation= 200 in 3.0s (next.js: 10ms, application-code: 2.9s)
 GET /?q=&status=&minPrice=&maxPrice=&valuation= 200 in 3.3s (next.js: 15ms, application-code: 3.3s)
 GET / 200 in 986ms (next.js: 9ms, application-code: 978ms)
 GET /?q=&status=&minPrice=&maxPrice=&valuation= 200 in 1059ms (next.js: 10ms, application-code: 1049ms)
 GET / 200 in 1669ms (next.js: 13ms, application-code: 1656ms)
 GET /?q=&status=&minPrice=&maxPrice=&valuation= 200 in 1396ms (next.js: 10ms, application-code: 1386ms)
 GET / 200 in 1126ms (next.js: 6ms, application-code: 1120ms)
 GET /?q=&status=&minPrice=&maxPrice=&valuation= 200 in 1313ms (next.js: 7ms, application-code: 1306ms)
 GET / 200 in 936ms (next.js: 7ms, application-code: 929ms)
 GET /?q=&status=&minPrice=&maxPrice=&valuation= 200 in 929ms (next.js: 8ms, application-code: 920ms)
✓ Compiled in 259ms
 GET / 200 in 771ms (next.js: 15ms, application-code: 757ms)
 GET /?q=&status=&minPrice=&maxPrice=&valuation= 200 in 777ms (next.js: 7ms, application-code: 770ms)
 GET / 200 in 836ms (next.js: 8ms, application-code: 828ms)
 GET /?q=&status=&minPrice=&maxPrice=&valuation= 200 in 721ms (next.js: 8ms, application-code: 713ms)
 GET / 200 in 923ms (next.js: 6ms, application-code: 917ms)
 GET /?q=&status=&minPrice=&maxPrice=&valuation= 200 in 790ms (next.js: 6ms, application-code: 784ms)
 GET / 200 in 726ms (next.js: 8ms, application-code: 717ms)
 GET /?q=&status=&minPrice=&maxPrice=&valuation= 200 in 610ms (next.js: 8ms, application-code: 602ms)
 GET / 200 in 751ms (next.js: 7ms, application-code: 744ms)
 GET /?q=&status=&minPrice=&maxPrice=&valuation= 200 in 637ms (next.js: 5ms, application-code: 631ms)
 GET / 200 in 1179ms (next.js: 11ms, application-code: 1168ms)
 GET /?q=&status=&minPrice=&maxPrice=&valuation= 200 in 1548ms (next.js: 8ms, application-code: 1541ms)
 POST /api/listings/listing_610a6bdbb98d40289e541989/value-trademe 200 in 5.8s (next.js: 176ms, application-code: 5.6s)
 GET / 200 in 864ms (next.js: 6ms, application-code: 858ms)
 POST /api/listings/listing_610a6bdbb98d40289e541989/value-trademe 200 in 4.4s (next.js: 19ms, application-code: 4.4s)
 GET /?q=&status=&minPrice=&maxPrice=&valuation= 200 in 792ms (next.js: 7ms, application-code: 785ms)
 GET / 200 in 807ms (next.js: 8ms, application-code: 799ms)
 GET /?q=&status=&minPrice=&maxPrice=&valuation= 200 in 1302ms (next.js: 14ms, application-code: 1287ms)
 GET / 200 in 682ms (next.js: 6ms, application-code: 676ms)
 GET / 200 in 1721ms (next.js: 5ms, application-code: 1715ms)
 GET /?q=&status=&minPrice=&maxPrice=&valuation= 200 in 1256ms (next.js: 7ms, application-code: 1249ms)
 GET / 200 in 878ms (next.js: 8ms, application-code: 870ms)
 POST /api/listings/listing_610a6bdbb98d40289e541989/value-trademe 200 in 4.6s (next.js: 22ms, application-code: 4.6s)
 GET /?q=&status=&minPrice=&maxPrice=&valuation= 200 in 880ms (next.js: 11ms, application-code: 869ms)
 GET / 200 in 1057ms (next.js: 6ms, application-code: 1051ms)
 GET / 200 in 3.8s (next.js: 24ms, application-code: 3.7s)
 GET /?q=&status=&minPrice=&maxPrice=&valuation= 200 in 7.0s (next.js: 9ms, application-code: 6.9s)
 GET / 200 in 808ms (next.js: 7ms, application-code: 801ms)
 GET / 200 in 1598ms (next.js: 7ms, application-code: 1591ms)
 GET /?q=&status=&minPrice=&maxPrice=&valuation= 200 in 1500ms (next.js: 10ms, application-code: 1491ms)
 GET / 200 in 2.2s (next.js: 44ms, application-code: 2.1s)
 GET /?q=&status=&minPrice=&maxPrice=&valuation= 200 in 4.2s (next.js: 9ms, application-code: 4.2s)
 GET / 200 in 1289ms (next.js: 9ms, application-code: 1281ms)
 GET /?q=&status=&minPrice=&maxPrice=&valuation= 200 in 799ms (next.js: 13ms, application-code: 786ms)
 GET / 200 in 841ms (next.js: 14ms, application-code: 827ms)
 GET /?q=&status=&minPrice=&maxPrice=&valuation= 200 in 675ms (next.js: 7ms, application-code: 668ms)
 GET / 200 in 971ms (next.js: 13ms, application-code: 958ms)
 GET /?q=&status=&minPrice=&maxPrice=&valuation= 200 in 1047ms (next.js: 8ms, application-code: 1039ms)
 GET / 200 in 874ms (next.js: 11ms, application-code: 863ms)
 GET /?q=&status=&minPrice=&maxPrice=&valuation= 200 in 1022ms (next.js: 6ms, application-code: 1016ms)
 GET / 200 in 1706ms (next.js: 9ms, application-code: 1697ms)
 GET /?q=&status=&minPrice=&maxPrice=&valuation= 200 in 944ms (next.js: 8ms, application-code: 936ms)
 GET /?q=&status=&minPrice=&maxPrice=&valuation= 200 in 3.5s (next.js: 136ms, application-code: 3.4s)
 POST /api/listings/listing_160773e4ae8c26809f3d3a95/value-trademe 200 in 15.9s (next.js: 59ms, application-code: 15.8s)
 GET /?q=&status=&minPrice=&maxPrice=&valuation= 200 in 2.4s (next.js: 19ms, application-code: 2.4s)
 GET /?q=&status=&minPrice=&maxPrice=&valuation= 200 in 510ms (next.js: 5ms, application-code: 505ms)
 GET /?q=&status=&minPrice=&maxPrice=&valuation= 200 in 1014ms (next.js: 8ms, application-code: 1007ms)
 GET /?q=BMW&status=&minPrice=&maxPrice=&valuation= 200 in 396ms (next.js: 13ms, application-code: 382ms)
 GET /?q=BMW&status=&minPrice=&maxPrice=&valuation= 200 in 340ms (next.js: 11ms, application-code: 329ms)
 POST /api/listings/listing_919147d0c2c38295bfa46b49/value-trademe 200 in 67s (next.js: 29ms, application-code: 67s)
 GET /?q=BMW&status=&minPrice=&maxPrice=&valuation= 200 in 112ms (next.js: 6ms, application-code: 106ms)
 GET /?q=BMW&status=&minPrice=&maxPrice=&valuation= 200 in 104ms (next.js: 5ms, application-code: 99ms)
 GET /?q=BMW&status=&minPrice=&maxPrice=&valuation= 200 in 100ms (next.js: 4ms, application-code: 96ms)
 GET /?q=BMW&status=&minPrice=&maxPrice=&valuation= 200 in 151ms (next.js: 3ms, application-code: 148ms)
 GET / 200 in 4.4s (next.js: 306ms, application-code: 4.1s)
 GET / 200 in 1047ms (next.js: 8ms, application-code: 1039ms)
 GET / 200 in 420ms (next.js: 3ms, application-code: 417ms)
 GET / 200 in 1301ms (next.js: 443ms, application-code: 857ms)
 GET /?q=x5&status=&minPrice=&maxPrice=&valuation= 200 in 183ms (next.js: 5ms, application-code: 178ms)
 GET /?q=x5&status=&minPrice=&maxPrice=&valuation= 200 in 236ms (next.js: 124ms, application-code: 112ms)
 GET /?q=BMW&status=&minPrice=&maxPrice=&valuation= 200 in 406ms (next.js: 5ms, application-code: 401ms)
 GET /?q=&status=&minPrice=&maxPrice=&valuation= 200 in 2.1s (next.js: 7ms, application-code: 2.1s)
 POST /api/listings/listing_trademe_api_smoke_20260609/value-trademe 200 in 28.3s (next.js: 214ms, application-code: 28.1s)
 GET /?q=&status=&minPrice=&maxPrice=&valuation= 200 in 547ms (next.js: 4ms, application-code: 544ms)
✓ Compiled in 156ms
 GET /?q=&status=&minPrice=&maxPrice=&valuation= 200 in 1067ms (next.js: 142ms, application-code: 924ms)
 GET /?q=&status=&minPrice=&maxPrice=&valuation= 200 in 1066ms (next.js: 8ms, application-code: 1058ms)
 GET /?q=&status=&minPrice=&maxPrice=&valuation= 200 in 1073ms (next.js: 6ms, application-code: 1067ms)
 GET /?q=&status=&minPrice=&maxPrice=&valuation= 200 in 725ms (next.js: 7ms, application-code: 718ms)
 GET /?q=&status=&minPrice=&maxPrice=&valuation= 200 in 852ms (next.js: 8ms, application-code: 844ms)
 GET /?q=&status=&minPrice=&maxPrice=&valuation= 200 in 990ms (next.js: 8ms, application-code: 982ms)
 GET /?q=&status=&minPrice=&maxPrice=&valuation= 200 in 1620ms (next.js: 18ms, application-code: 1602ms)
 GET /?q=&status=&minPrice=&maxPrice=&valuation= 200 in 1726ms (next.js: 13ms, application-code: 1713ms)
 GET /?q=&status=&minPrice=&maxPrice=&valuation= 200 in 1629ms (next.js: 18ms, application-code: 1611ms)
 GET /?q=&status=&minPrice=&maxPrice=&valuation= 200 in 1570ms (next.js: 16ms, application-code: 1555ms)
 GET /?q=&status=&minPrice=&maxPrice=&valuation= 200 in 604ms (next.js: 7ms, application-code: 597ms)
 GET /?q=&status=&minPrice=&maxPrice=&valuation= 200 in 1204ms (next.js: 9ms, application-code: 1195ms)
 GET /?q=&status=&minPrice=&maxPrice=&valuation= 200 in 691ms (next.js: 9ms, application-code: 682ms)
 GET /?q=&status=&minPrice=&maxPrice=&valuation= 200 in 1757ms (next.js: 11ms, application-code: 1745ms)
 GET /?q=&status=&minPrice=&maxPrice=&valuation= 200 in 687ms (next.js: 19ms, application-code: 668ms)
 GET /?q=&status=&minPrice=&maxPrice=&valuation= 200 in 1465ms (next.js: 12ms, application-code: 1453ms)
 GET /?q=&status=&minPrice=&maxPrice=&valuation= 200 in 1330ms (next.js: 8ms, application-code: 1322ms)
 GET /?q=&status=&minPrice=&maxPrice=&valuation= 200 in 946ms (next.js: 5ms, application-code: 940ms)
 GET /?q=&status=&minPrice=&maxPrice=&valuation= 200 in 1528ms (next.js: 19ms, application-code: 1509ms)
 GET /?q=&status=&minPrice=&maxPrice=&valuation= 200 in 1461ms (next.js: 13ms, application-code: 1448ms)
 GET /?q=&status=&minPrice=&maxPrice=&valuation= 200 in 1311ms (next.js: 14ms, application-code: 1297ms)
 GET /?q=&status=&minPrice=&maxPrice=&valuation= 200 in 1988ms (next.js: 13ms, application-code: 1975ms)
 GET /?q=&status=&minPrice=&maxPrice=&valuation= 200 in 1495ms (next.js: 12ms, application-code: 1484ms)
 GET /?q=&status=&minPrice=&maxPrice=&valuation= 200 in 1509ms (next.js: 14ms, application-code: 1494ms)
 GET /?q=&status=&minPrice=&maxPrice=&valuation= 200 in 10.6s (next.js: 26ms, application-code: 10.5s)
 GET /?q=&status=&minPrice=&maxPrice=&valuation= 200 in 645ms (next.js: 47ms, application-code: 598ms)
 GET /?q=&status=&minPrice=&maxPrice=&valuation= 200 in 2.3s (next.js: 180ms, application-code: 2.1s)
 GET /?q=&status=&minPrice=&maxPrice=&valuation= 200 in 404ms (next.js: 11ms, application-code: 393ms)
 GET / 200 in 1327ms (next.js: 7ms, application-code: 1320ms)
 POST /api/listings/listing_trademe_live_smoke_20260609/value-trademe 200 in 16.5s (next.js: 87ms, application-code: 16.4s)
 GET / 200 in 1214ms (next.js: 35ms, application-code: 1179ms)
 GET /?q=&status=&minPrice=&maxPrice=&valuation= 200 in 409ms (next.js: 3ms, application-code: 406ms)
 POST /api/listings/listing_95df72ceac5dd7a8f3f492f3/value-trademe 500 in 3.6s (next.js: 22ms, application-code: 3.5s)
 GET / 200 in 881ms (next.js: 6ms, application-code: 875ms)
 GET /?q=&status=&minPrice=&maxPrice=&valuation= 200 in 677ms (next.js: 4ms, application-code: 673ms)
 POST /api/listings/listing_265d391d8554411a8642e4ce/value-trademe 500 in 4.3s (next.js: 13ms, application-code: 4.2s)
 GET / 200 in 955ms (next.js: 10ms, application-code: 944ms)
 GET /?q=&status=&minPrice=&maxPrice=&valuation= 200 in 845ms (next.js: 5ms, application-code: 840ms)
 POST /api/listings/listing_trademe_live_smoke_20260609/value-trademe 500 in 110s (next.js: 13ms, application-code: 110s)
 GET / 200 in 1216ms (next.js: 6ms, application-code: 1210ms)
 GET /?q=&status=&minPrice=&maxPrice=&valuation= 200 in 1974ms (next.js: 8ms, application-code: 1966ms)
 POST /api/listings/listing_trademe_live_smoke_20260609/value-trademe 200 in 14.2s (next.js: 10ms, application-code: 14.2s)
 GET / 200 in 498ms (next.js: 7ms, application-code: 490ms)
 GET /?q=&status=&minPrice=&maxPrice=&valuation= 200 in 1230ms (next.js: 7ms, application-code: 1222ms)
 GET / 200 in 565ms (next.js: 6ms, application-code: 559ms)
 GET /?q=&status=&minPrice=&maxPrice=&valuation= 200 in 565ms (next.js: 8ms, application-code: 557ms)
 GET / 200 in 525ms (next.js: 6ms, application-code: 519ms)
 GET /?q=&status=&minPrice=&maxPrice=&valuation= 200 in 528ms (next.js: 5ms, application-code: 523ms)
 GET / 200 in 918ms (next.js: 52ms, application-code: 866ms)
 GET /?q=&status=&minPrice=&maxPrice=&valuation= 200 in 921ms (next.js: 7ms, application-code: 914ms)
 GET / 200 in 1474ms (next.js: 57ms, application-code: 1417ms)
 GET /?q=&status=&minPrice=&maxPrice=&valuation= 200 in 1478ms (next.js: 7ms, application-code: 1472ms)
 GET / 200 in 1465ms (next.js: 4ms, application-code: 1462ms)
 POST /api/listings/listing_e634f0158f4041b63ab6bc43/value-trademe 200 in 48s (next.js: 19ms, application-code: 48s)
 GET / 200 in 673ms (next.js: 4ms, application-code: 668ms)
 GET /?q=&status=&minPrice=&maxPrice=&valuation= 200 in 413ms (next.js: 4ms, application-code: 409ms)
 GET / 200 in 524ms (next.js: 15ms, application-code: 509ms)
 GET /?q=&status=&minPrice=&maxPrice=&valuation= 200 in 498ms (next.js: 5ms, application-code: 494ms)
 GET / 200 in 411ms (next.js: 9ms, application-code: 402ms)
 GET /?q=&status=&minPrice=&maxPrice=&valuation= 200 in 522ms (next.js: 4ms, application-code: 518ms)
 GET / 200 in 422ms (next.js: 4ms, application-code: 418ms)
 GET /?q=&status=&minPrice=&maxPrice=&valuation= 200 in 525ms (next.js: 6ms, application-code: 519ms)
 GET / 200 in 455ms (next.js: 5ms, application-code: 450ms)
 GET /?q=&status=&minPrice=&maxPrice=&valuation= 200 in 552ms (next.js: 5ms, application-code: 546ms)
 GET / 200 in 404ms (next.js: 5ms, application-code: 399ms)
 GET /?q=&status=&minPrice=&maxPrice=&valuation= 200 in 473ms (next.js: 5ms, application-code: 468ms)
 GET / 200 in 410ms (next.js: 5ms, application-code: 406ms)
 GET /?q=&status=&minPrice=&maxPrice=&valuation= 200 in 492ms (next.js: 5ms, application-code: 487ms)
 GET /?q=&status=&minPrice=&maxPrice=&valuation= 200 in 820ms (next.js: 9ms, application-code: 811ms)
 GET / 200 in 821ms (next.js: 44ms, application-code: 777ms)
 GET /?q=&status=&minPrice=&maxPrice=&valuation= 200 in 900ms (next.js: 18ms, application-code: 883ms)
 GET / 200 in 900ms (next.js: 58ms, application-code: 842ms)
 GET /?q=&status=&minPrice=&maxPrice=&valuation= 200 in 1588ms (next.js: 6ms, application-code: 1582ms)
 GET / 200 in 1589ms (next.js: 70ms, application-code: 1519ms)
 GET /?q=&status=&minPrice=&maxPrice=&valuation= 200 in 1052ms (next.js: 12ms, application-code: 1040ms)
 GET / 200 in 1052ms (next.js: 61ms, application-code: 991ms)
 GET /?q=&status=&minPrice=&maxPrice=&valuation= 200 in 895ms (next.js: 6ms, application-code: 888ms)
 GET / 200 in 895ms (next.js: 56ms, application-code: 840ms)
 GET / 200 in 860ms (next.js: 48ms, application-code: 812ms)
 GET /?q=&status=&minPrice=&maxPrice=&valuation= 200 in 862ms (next.js: 10ms, application-code: 852ms)
 GET /?q=&status=&minPrice=&maxPrice=&valuation= 200 in 1001ms (next.js: 6ms, application-code: 995ms)
 GET / 200 in 953ms (next.js: 3ms, application-code: 950ms)
 GET / 200 in 2.2s (next.js: 12ms, application-code: 2.2s)
 GET /?q=&status=&minPrice=&maxPrice=&valuation= 200 in 685ms (next.js: 5ms, application-code: 680ms)
 GET /?q=&status=&minPrice=&maxPrice=&valuation= 200 in 1658ms (next.js: 428ms, application-code: 1230ms)
 GET /?q=&status=&minPrice=&maxPrice=&valuation= 200 in 1151ms (next.js: 200ms, application-code: 951ms)
 GET /?q=&status=&minPrice=&maxPrice=&valuation= 200 in 2.6s (next.js: 5ms, application-code: 2.6s)
 GET /?q=&status=&minPrice=&maxPrice=&valuation= 200 in 2.4s (next.js: 117ms, application-code: 2.3s)
 GET /?q=&status=&minPrice=&maxPrice=&valuation= 200 in 2.6s (next.js: 4ms, application-code: 2.6s)
 GET /?q=&status=&minPrice=&maxPrice=&valuation= 200 in 2.4s (next.js: 173ms, application-code: 2.2s)
 GET /?q=&status=&minPrice=&maxPrice=&valuation= 200 in 2.4s (next.js: 207ms, application-code: 2.2s)
 GET /?q=&status=&minPrice=&maxPrice=&valuation= 200 in 2.4s (next.js: 144ms, application-code: 2.3s)
 GET /?q=&status=&minPrice=&maxPrice=&valuation= 200 in 616ms (next.js: 3ms, application-code: 612ms)
 GET /?q=&status=&minPrice=&maxPrice=&valuation= 200 in 610ms (next.js: 5ms, application-code: 605ms)
 GET /?q=&status=&minPrice=&maxPrice=&valuation= 200 in 3.5s (next.js: 24ms, application-code: 3.4s)
 GET /?q=&status=&minPrice=&maxPrice=&valuation= 200 in 3.4s (next.js: 4ms, application-code: 3.4s)
 GET /?q=&status=&minPrice=&maxPrice=&valuation= 200 in 3.1s (next.js: 292ms, application-code: 2.8s)
 GET /?q=&status=&minPrice=&maxPrice=&valuation= 200 in 3.1s (next.js: 250ms, application-code: 2.8s)
 GET /?q=&status=&minPrice=&maxPrice=&valuation= 200 in 3.1s (next.js: 328ms, application-code: 2.8s)
 GET /?q=&status=&minPrice=&maxPrice=&valuation= 200 in 3.1s (next.js: 361ms, application-code: 2.7s)
 GET /?q=&status=&minPrice=&maxPrice=&valuation= 200 in 2.2s (next.js: 5ms, application-code: 2.2s)
 GET /?q=&status=&minPrice=&maxPrice=&valuation= 200 in 2.1s (next.js: 185ms, application-code: 1936ms)
 GET /?q=&status=&minPrice=&maxPrice=&valuation= 200 in 1941ms (next.js: 62ms, application-code: 1879ms)
 GET /?q=&status=&minPrice=&maxPrice=&valuation= 200 in 546ms (next.js: 6ms, application-code: 540ms)
✓ Compiled in 505ms
 GET /?q=&status=&minPrice=&maxPrice=&valuation= 500 in 2.0s (next.js: 1760ms, application-code: 267ms)
 GET /?q=&status=&minPrice=&maxPrice=&valuation= 500 in 32ms (next.js: 11ms, application-code: 21ms)
 GET /?q=&status=&minPrice=&maxPrice=&valuation= 500 in 35ms (next.js: 18ms, application-code: 17ms)
 GET /?q=&status=&minPrice=&maxPrice=&valuation= 500 in 59ms (next.js: 29ms, application-code: 31ms)
✓ Compiled in 181ms
 GET /?q=&status=&minPrice=&maxPrice=&valuation= 200 in 2.4s (next.js: 150ms, application-code: 2.2s)
✓ Compiled in 277ms
  Reload env: .env
 GET /?q=&status=&minPrice=&maxPrice=&valuation= 200 in 1077ms (next.js: 123ms, application-code: 954ms)
 GET /?q=&status=&minPrice=&maxPrice=&valuation= 200 in 1913ms (next.js: 90ms, application-code: 1823ms)
 GET /?q=&status=&minPrice=&maxPrice=&valuation= 200 in 4.4s (next.js: 24ms, application-code: 4.3s)
 GET /?q=&status=&minPrice=&maxPrice=&valuation= 200 in 4.3s (next.js: 13ms, application-code: 4.2s)
 GET /?q=&status=&minPrice=&maxPrice=&valuation= 200 in 3.6s (next.js: 1045ms, application-code: 2.5s)
 GET /?q=&status=&minPrice=&maxPrice=&valuation= 200 in 3.8s (next.js: 512ms, application-code: 3.3s)
 GET /?q=&status=&minPrice=&maxPrice=&valuation= 200 in 3.8s (next.js: 419ms, application-code: 3.4s)
 GET /?q=&status=&minPrice=&maxPrice=&valuation= 200 in 4.1s (next.js: 480ms, application-code: 3.6s)
 GET /?q=&status=&minPrice=&maxPrice=&valuation= 200 in 2.3s (next.js: 5ms, application-code: 2.3s)
 GET /?q=&status=&minPrice=&maxPrice=&valuation= 200 in 2.3s (next.js: 8ms, application-code: 2.3s)
 GET /?q=&status=&minPrice=&maxPrice=&valuation= 200 in 2.3s (next.js: 261ms, application-code: 1995ms)
 GET /?q=&status=&minPrice=&maxPrice=&valuation= 200 in 2.0s (next.js: 78ms, application-code: 1924ms)
 GET /?q=&status=&minPrice=&maxPrice=&valuation= 200 in 746ms (next.js: 6ms, application-code: 740ms)
