Initializing n8n process
n8n ready on ::, port 5678
n8n Task Broker ready on 127.0.0.1, port 5679
Failed to start Python task runner in internal mode. because its virtual environment is missing from this system. Launching a Python runner in internal mode is intended only for debugging and is not recommended for production. Users are encouraged to deploy in external mode. See: https://docs.n8n.io/hosting/configuration/task-runners/#setting-up-external-mode
[license SDK] Skipping renewal on init: license cert is not initialized
Registered runner "JS Task Runner" (rhUL6OYX4SMuvnVxoc4U6) 
Instance registered
Discovered 4 cluster checks
Version: 2.23.2
Building workflow dependency index...
Start Active Workflows:
Finished building workflow dependency index. Processed 0 draft workflows, 1 published workflows.
Activated workflow "Auckland Car Listing Monitor" (ID: z08K09PwtzaaDmZN)

Editor is now accessible via:
http://localhost:5678
read ECONNRESET
Error: read ECONNRESET
    at AxiosError.from (C:\Users\danie\AppData\Roaming\npm\node_modules\n8n\node_modules\axios\lib\core\AxiosError.js:77:24)
    at RedirectableRequest.handleRequestError (C:\Users\danie\AppData\Roaming\npm\node_modules\n8n\node_modules\axios\lib\adapters\http.js:1161:27)
    at RedirectableRequest.emit (node:events:521:24)
    at ClientRequest.eventHandlers.<computed> (C:\Users\danie\AppData\Roaming\npm\node_modules\n8n\node_modules\follow-redirects\index.js:56:24)
    at ClientRequest.emit (node:events:509:28)
    at emitErrorEvent (node:_http_client:109:11)
    at TLSSocket.socketErrorListener (node:_http_client:593:5)
    at TLSSocket.emit (node:events:521:24)
    at emitErrorNT (node:internal/streams/destroy:170:8)
    at emitErrorCloseNT (node:internal/streams/destroy:129:3)

read ECONNRESET
Error: read ECONNRESET
    at TLSWrap.onStreamRead (node:internal/stream_base_commons:216:20)

getaddrinfo ENOTFOUND telemetry.n8n.io
Error: getaddrinfo ENOTFOUND telemetry.n8n.io
    at AxiosError.from (C:\Users\danie\AppData\Roaming\npm\node_modules\n8n\node_modules\axios\lib\core\AxiosError.js:77:24)
    at RedirectableRequest.handleRequestError (C:\Users\danie\AppData\Roaming\npm\node_modules\n8n\node_modules\axios\lib\adapters\http.js:1161:27)
    at RedirectableRequest.emit (node:events:521:24)
    at ClientRequest.eventHandlers.<computed> (C:\Users\danie\AppData\Roaming\npm\node_modules\n8n\node_modules\follow-redirects\index.js:56:24)
    at ClientRequest.emit (node:events:509:28)
    at emitErrorEvent (node:_http_client:109:11)
    at TLSSocket.socketErrorListener (node:_http_client:593:5)
    at TLSSocket.emit (node:events:521:24)
    at emitErrorNT (node:internal/streams/destroy:170:8)
    at emitErrorCloseNT (node:internal/streams/destroy:129:3)

getaddrinfo ENOTFOUND telemetry.n8n.io
Error: getaddrinfo ENOTFOUND telemetry.n8n.io
    at GetAddrInfoReqWrap.onlookup [as oncomplete] (node:dns:111:26)

Pruning old insights data
